// Jest Snapshot v1, https://goo.gl/fbAQLP

exports[`renders correctly 1`] = `
<div
  className="sc-bdfBwQ efwkwq"
>
  <h3
    className="sc-hKgILt ckRRbN"
  >
    Tasks Completed
  </h3>
  <h4
    className="sc-gsTCUz hdIXul"
  >
    0
    <span
      className="sc-dlfnbm jrKrgu"
    >
      /
      0
    </span>
  </h4>
</div>
`;
