// Jest Snapshot v1, https://goo.gl/fbAQLP

exports[`renders correctly 1`] = `
<section
  className="sc-bdfBwQ eBRXiS"
>
  <div
    className="sc-gsTCUz kGUyJX"
  >
    <h3
      className="sc-eCssSg howFjO"
    >
      Login
    </h3>
    <input
      autoFocus={false}
      className="sc-hKgILt icLQGl"
      onChange={[Function]}
      onKeyDown={[Function]}
      placeholder="Id"
      type="number"
    />
    <input
      autoFocus={false}
      className="sc-hKgILt icLQGl"
      onChange={[Function]}
      onKeyDown={[Function]}
      placeholder="Name"
      type="text"
    />
    <button
      className="sc-dlfnbm kuOjwl"
      disabled={false}
      onClick={[Function]}
      type="button"
    >
      Login
    </button>
  </div>
</section>
`;
