// Jest Snapshot v1, https://goo.gl/fbAQLP

exports[`renders correctly 1`] = `
<section
  className="sc-bdfBwQ gTsWhG"
>
  <div
    className="sc-gsTCUz hWLvjN"
  >
    <h3
      className="sc-hKgILt ckRRbN"
    >
      You have no task.
    </h3>
    <button
      className="sc-dlfnbm kuOjwl"
      disabled={false}
      onClick={[Function]}
      type="button"
    >
      + New Task
    </button>
  </div>
</section>
`;
