// Jest Snapshot v1, https://goo.gl/fbAQLP

exports[`renders correctly 1`] = `
<header
  className="sc-bdfBwQ clmgsw"
>
  <section
    className="sc-gsTCUz kwOwOX"
  >
    <div
      className="sc-dlfnbm dXxNmy"
    >
      <img
        alt=""
        className="sc-hKgILt bCMGRX"
        src="profile.png"
      />
      
    </div>
    <a
      className="sc-eCssSg cDNbQq"
      onClick={[Function]}
    >
      Logout
    </a>
  </section>
</header>
`;
