// Jest Snapshot v1, https://goo.gl/fbAQLP

exports[`renders correctly 1`] = `
Array [
  <header
    className="sc-dlfnbm bAoyv"
  >
    <section
      className="sc-hKgILt gScNTu"
    >
      <div
        className="sc-eCssSg bwOWBP"
      >
        <img
          alt=""
          className="sc-jSgupP cceJut"
          src="profile.png"
        />
        
      </div>
      <a
        className="sc-gKsewC lgxjeu"
        onClick={[Function]}
      >
        Logout
      </a>
    </section>
  </header>,
  <section
    className="sc-lmoMRL kxBixP"
  >
    <div
      className="sc-iJuUWI blELXw"
    >
      <h3
        className="sc-jrAGrp dYXEGc"
      >
        You have no task.
      </h3>
      <button
        className="sc-cxFLnm gpivlI"
        disabled={false}
        onClick={[Function]}
        type="button"
      >
        + New Task
      </button>
    </div>
  </section>,
]
`;
