// Jest Snapshot v1, https://goo.gl/fbAQLP

exports[`renders correctly 1`] = `
<section
  className="sc-bdfBwQ dKZyxU"
>
  <div
    className="sc-gsTCUz jozIpk"
    onClick={[Function]}
  />
  <div
    className="sc-dlfnbm cDnpKU"
  >
    <h1
      className="sc-hKgILt BkdoJ"
    >
      + New Task
    </h1>
    <input
      autoFocus={true}
      className="sc-eCssSg hCuYBq"
      onChange={[Function]}
      onKeyDown={[Function]}
      placeholder="Task Name"
    />
    <button
      className="sc-jSgupP dsnOfR"
      onClick={[Function]}
    >
      + New Task
    </button>
  </div>
</section>
`;
