// Jest Snapshot v1, https://goo.gl/fbAQLP

exports[`renders correctly 1`] = `
<section
  className="sc-bdfBwQ iwbbii"
>
  <div
    className="sc-gsTCUz hLWxtA"
    onClick={[Function]}
  />
  <div
    className="sc-dlfnbm gTLZrQ"
  >
    <h3
      className="sc-jSgupP grEGiv"
    >
      + New Task
    </h3>
    <input
      autoFocus={true}
      className="sc-eCssSg bOrFAu"
      onChange={[Function]}
      onKeyDown={[Function]}
      placeholder="Task Name"
      type="text"
    />
    <button
      className="sc-hKgILt eRNNpn"
      disabled={false}
      onClick={[Function]}
      type="button"
    >
      + New Task
    </button>
  </div>
</section>
`;
